$ pub outdated --json
{
  "packages": [
    {
      "package": "bar",
      "current": {
        "version": "1.0.0"
      },
      "upgradable": {
        "version": "1.0.0"
      },
      "resolvable": {
        "version": "1.0.0"
      },
      "latest": {
        "version": "2.0.0"
      }
    },
    {
      "package": "fails_analysis",
      "current": {
        "version": "1.0.0"
      },
      "upgradable": {
        "version": "1.0.0"
      },
      "resolvable": {
        "version": "2.0.0"
      },
      "latest": {
        "version": "2.0.0"
      }
    },
    {
      "package": "fails_analysis_in_dependency",
      "current": {
        "version": "1.0.0"
      },
      "upgradable": {
        "version": "1.0.0"
      },
      "resolvable": {
        "version": "2.0.0"
      },
      "latest": {
        "version": "2.0.0"
      }
    },
    {
      "package": "file_in_dependency_opts_out",
      "current": {
        "version": "1.0.0"
      },
      "upgradable": {
        "version": "1.0.0"
      },
      "resolvable": {
        "version": "2.0.0"
      },
      "latest": {
        "version": "2.0.0"
      }
    },
    {
      "package": "file_opts_out",
      "current": {
        "version": "1.0.0"
      },
      "upgradable": {
        "version": "1.0.0"
      },
      "resolvable": {
        "version": "2.0.0"
      },
      "latest": {
        "version": "2.0.0"
      }
    },
    {
      "package": "foo",
      "current": {
        "version": "1.0.0"
      },
      "upgradable": {
        "version": "1.0.0"
      },
      "resolvable": {
        "version": "2.0.0"
      },
      "latest": {
        "version": "2.0.0"
      }
    }
  ]
}

$ pub outdated --no-color
Showing outdated packages.
[*] indicates versions that are not the latest available.

Package Name                  Current  Upgradable  Resolvable  Latest  

direct dependencies          
bar                           *1.0.0   *1.0.0      *1.0.0      2.0.0   
fails_analysis                *1.0.0   *1.0.0      2.0.0       2.0.0   
fails_analysis_in_dependency  *1.0.0   *1.0.0      2.0.0       2.0.0   
file_in_dependency_opts_out   *1.0.0   *1.0.0      2.0.0       2.0.0   
file_opts_out                 *1.0.0   *1.0.0      2.0.0       2.0.0   
foo                           *1.0.0   *1.0.0      2.0.0       2.0.0   

5  dependencies are constrained to versions that are older than a resolvable version.
To update these dependencies, edit pubspec.yaml.

$ pub outdated --no-color --up-to-date
Showing outdated packages.
[*] indicates versions that are not the latest available.

Package Name                  Current  Upgradable  Resolvable  Latest  

direct dependencies          
bar                           *1.0.0   *1.0.0      *1.0.0      2.0.0   
fails_analysis                *1.0.0   *1.0.0      2.0.0       2.0.0   
fails_analysis_in_dependency  *1.0.0   *1.0.0      2.0.0       2.0.0   
file_in_dependency_opts_out   *1.0.0   *1.0.0      2.0.0       2.0.0   
file_opts_out                 *1.0.0   *1.0.0      2.0.0       2.0.0   
foo                           *1.0.0   *1.0.0      2.0.0       2.0.0   

5  dependencies are constrained to versions that are older than a resolvable version.
To update these dependencies, edit pubspec.yaml.

$ pub outdated --no-color --prereleases
Showing outdated packages.
[*] indicates versions that are not the latest available.

Package Name                  Current  Upgradable  Resolvable  Latest  

direct dependencies          
bar                           *1.0.0   *1.0.0      *1.0.0      2.0.0   
fails_analysis                *1.0.0   *1.0.0      2.0.0       2.0.0   
fails_analysis_in_dependency  *1.0.0   *1.0.0      2.0.0       2.0.0   
file_in_dependency_opts_out   *1.0.0   *1.0.0      2.0.0       2.0.0   
file_opts_out                 *1.0.0   *1.0.0      2.0.0       2.0.0   
foo                           *1.0.0   *1.0.0      2.0.0       2.0.0   

5  dependencies are constrained to versions that are older than a resolvable version.
To update these dependencies, edit pubspec.yaml.

$ pub outdated --no-color --no-dev-dependencies
Showing outdated packages.
[*] indicates versions that are not the latest available.

Package Name                  Current  Upgradable  Resolvable  Latest  

direct dependencies          
bar                           *1.0.0   *1.0.0      *1.0.0      2.0.0   
fails_analysis                *1.0.0   *1.0.0      2.0.0       2.0.0   
fails_analysis_in_dependency  *1.0.0   *1.0.0      2.0.0       2.0.0   
file_in_dependency_opts_out   *1.0.0   *1.0.0      2.0.0       2.0.0   
file_opts_out                 *1.0.0   *1.0.0      2.0.0       2.0.0   
foo                           *1.0.0   *1.0.0      2.0.0       2.0.0   

5  dependencies are constrained to versions that are older than a resolvable version.
To update these dependencies, edit pubspec.yaml.

$ pub outdated --no-color --no-dependency-overrides
Showing outdated packages.
[*] indicates versions that are not the latest available.

Package Name                  Current  Upgradable  Resolvable  Latest  

direct dependencies          
bar                           *1.0.0   *1.0.0      *1.0.0      2.0.0   
fails_analysis                *1.0.0   *1.0.0      2.0.0       2.0.0   
fails_analysis_in_dependency  *1.0.0   *1.0.0      2.0.0       2.0.0   
file_in_dependency_opts_out   *1.0.0   *1.0.0      2.0.0       2.0.0   
file_opts_out                 *1.0.0   *1.0.0      2.0.0       2.0.0   
foo                           *1.0.0   *1.0.0      2.0.0       2.0.0   

5  dependencies are constrained to versions that are older than a resolvable version.
To update these dependencies, edit pubspec.yaml.

$ pub outdated --no-color --mode=null-safety
Showing dependencies that are currently not opted in to null-safety.
[✗] indicates versions without null safety support.
[✓] indicates versions opting in to null safety.
[?] indicates that the package failed analysis.

Package Name                  Current  Upgradable  Resolvable  Latest  

direct dependencies          
bar                           ✗1.0.0   ✗1.0.0      ✗1.0.0      ✓2.0.0  
fails_analysis                ?1.0.0   ?1.0.0      ✓2.0.0      ✓2.0.0  
fails_analysis_in_dependency  ?1.0.0   ?1.0.0      ✓2.0.0      ✓2.0.0  
file_in_dependency_opts_out   ✗1.0.0   ✗1.0.0      ✓2.0.0      ✓2.0.0  
file_opts_out                 ✗1.0.0   ✗1.0.0      ✓2.0.0      ✓2.0.0  
foo                           ✗1.0.0   ✗1.0.0      ✗2.0.0      ✗2.0.0  

5  dependencies are constrained to versions that are older than a resolvable version.
To update these dependencies, edit pubspec.yaml.

$ pub outdated --json --mode=null-safety
{
  "packages": [
    {
      "package": "bar",
      "current": {
        "version": "1.0.0",
        "nullSafety": false
      },
      "upgradable": {
        "version": "1.0.0",
        "nullSafety": false
      },
      "resolvable": {
        "version": "1.0.0",
        "nullSafety": false
      },
      "latest": {
        "version": "2.0.0",
        "nullSafety": true
      }
    },
    {
      "package": "fails_analysis",
      "current": {
        "version": "1.0.0",
        "nullSafety": null
      },
      "upgradable": {
        "version": "1.0.0",
        "nullSafety": null
      },
      "resolvable": {
        "version": "2.0.0",
        "nullSafety": true
      },
      "latest": {
        "version": "2.0.0",
        "nullSafety": true
      }
    },
    {
      "package": "fails_analysis_in_dependency",
      "current": {
        "version": "1.0.0",
        "nullSafety": null
      },
      "upgradable": {
        "version": "1.0.0",
        "nullSafety": null
      },
      "resolvable": {
        "version": "2.0.0",
        "nullSafety": true
      },
      "latest": {
        "version": "2.0.0",
        "nullSafety": true
      }
    },
    {
      "package": "file_in_dependency_opts_out",
      "current": {
        "version": "1.0.0",
        "nullSafety": false
      },
      "upgradable": {
        "version": "1.0.0",
        "nullSafety": false
      },
      "resolvable": {
        "version": "2.0.0",
        "nullSafety": true
      },
      "latest": {
        "version": "2.0.0",
        "nullSafety": true
      }
    },
    {
      "package": "file_opts_out",
      "current": {
        "version": "1.0.0",
        "nullSafety": false
      },
      "upgradable": {
        "version": "1.0.0",
        "nullSafety": false
      },
      "resolvable": {
        "version": "2.0.0",
        "nullSafety": true
      },
      "latest": {
        "version": "2.0.0",
        "nullSafety": true
      }
    },
    {
      "package": "foo",
      "current": {
        "version": "1.0.0",
        "nullSafety": false
      },
      "upgradable": {
        "version": "1.0.0",
        "nullSafety": false
      },
      "resolvable": {
        "version": "2.0.0",
        "nullSafety": false
      },
      "latest": {
        "version": "2.0.0",
        "nullSafety": false
      }
    }
  ]
}

$ pub outdated --json --no-dev-dependencies
{
  "packages": [
    {
      "package": "bar",
      "current": {
        "version": "1.0.0"
      },
      "upgradable": {
        "version": "1.0.0"
      },
      "resolvable": {
        "version": "1.0.0"
      },
      "latest": {
        "version": "2.0.0"
      }
    },
    {
      "package": "fails_analysis",
      "current": {
        "version": "1.0.0"
      },
      "upgradable": {
        "version": "1.0.0"
      },
      "resolvable": {
        "version": "2.0.0"
      },
      "latest": {
        "version": "2.0.0"
      }
    },
    {
      "package": "fails_analysis_in_dependency",
      "current": {
        "version": "1.0.0"
      },
      "upgradable": {
        "version": "1.0.0"
      },
      "resolvable": {
        "version": "2.0.0"
      },
      "latest": {
        "version": "2.0.0"
      }
    },
    {
      "package": "file_in_dependency_opts_out",
      "current": {
        "version": "1.0.0"
      },
      "upgradable": {
        "version": "1.0.0"
      },
      "resolvable": {
        "version": "2.0.0"
      },
      "latest": {
        "version": "2.0.0"
      }
    },
    {
      "package": "file_opts_out",
      "current": {
        "version": "1.0.0"
      },
      "upgradable": {
        "version": "1.0.0"
      },
      "resolvable": {
        "version": "2.0.0"
      },
      "latest": {
        "version": "2.0.0"
      }
    },
    {
      "package": "foo",
      "current": {
        "version": "1.0.0"
      },
      "upgradable": {
        "version": "1.0.0"
      },
      "resolvable": {
        "version": "2.0.0"
      },
      "latest": {
        "version": "2.0.0"
      }
    }
  ]
}

