# GENERATED BY: test/dependency_services/dependency_services_test.dart

$ cat pubspec.yaml
{"name":"app","dependencies":{"foo":"^1.0.0","bar":{"git":{"url":"../bar.git"}}},"environment":{"sdk":"^3.0.2"}}
$ cat pubspec.lock
No such file pubspec.lock.
-------------------------------- END OF OUTPUT ---------------------------------

## Section list
$ dependency_services list
{
  "dependencies": [
    {
      "name": "bar",
      "version": "1ea665d6de007c60308949db4c6ae8049c2395f0",
      "kind": "direct",
      "constraint": "any",
      "source": {
        "type": "git",
        "description": {
          "url": "../bar.git",
          "ref": "HEAD",
          "resolved-ref": "1ea665d6de007c60308949db4c6ae8049c2395f0",
          "path": "."
        }
      }
    },
    {
      "name": "foo",
      "version": "1.2.3",
      "kind": "direct",
      "constraint": "^1.0.0",
      "source": {
        "type": "hosted",
        "description": {
          "name": "foo",
          "url": "http://localhost:$PORT",
          "sha256": "e963d896bb117842c18b0c7ed19c31b84c414acf5845b853acc89994339b613a"
        }
      }
    },
    {
      "name": "transitive",
      "version": "1.0.0",
      "kind": "transitive",
      "constraint": "null",
      "source": {
        "type": "hosted",
        "description": {
          "name": "transitive",
          "url": "http://localhost:$PORT",
          "sha256": "bbf701e5d89787675cdbf7d818561d8cd8524a0fb49d79133a887418120ecaab"
        }
      }
    }
  ]
}

-------------------------------- END OF OUTPUT ---------------------------------

## Section report
$ dependency_services report
{
  "dependencies": [
    {
      "name": "bar",
      "version": "1ea665d6de007c60308949db4c6ae8049c2395f0",
      "kind": "direct",
      "source": {
        "type": "git",
        "description": {
          "url": "../bar.git",
          "ref": "HEAD",
          "resolved-ref": "1ea665d6de007c60308949db4c6ae8049c2395f0",
          "path": "."
        }
      },
      "latest": "1ea665d6de007c60308949db4c6ae8049c2395f0",
      "constraint": "any",
      "compatible": [],
      "singleBreaking": [],
      "multiBreaking": [
        {
          "name": "foo",
          "version": "2.2.3",
          "kind": "direct",
          "source": {
            "type": "hosted",
            "description": {
              "name": "foo",
              "url": "http://localhost:$PORT",
              "sha256": "161f5087dae6dc41086fcac53e2db376488e5fa446f81b4352512917e20ccb0a"
            }
          },
          "constraintBumped": "^2.2.3",
          "constraintWidened": ">=1.0.0 <3.0.0",
          "constraintBumpedIfNeeded": "^2.2.3",
          "previousVersion": "1.2.3",
          "previousConstraint": "^1.0.0",
          "previousSource": {
            "type": "hosted",
            "description": {
              "name": "foo",
              "url": "http://localhost:$PORT",
              "sha256": "e963d896bb117842c18b0c7ed19c31b84c414acf5845b853acc89994339b613a"
            }
          }
        }
      ]
    },
    {
      "name": "foo",
      "version": "1.2.3",
      "kind": "direct",
      "source": {
        "type": "hosted",
        "description": {
          "name": "foo",
          "url": "http://localhost:$PORT",
          "sha256": "e963d896bb117842c18b0c7ed19c31b84c414acf5845b853acc89994339b613a"
        }
      },
      "latest": "2.2.3",
      "constraint": "^1.0.0",
      "compatible": [],
      "singleBreaking": [
        {
          "name": "foo",
          "version": "2.2.3",
          "kind": "direct",
          "source": {
            "type": "hosted",
            "description": {
              "name": "foo",
              "url": "http://localhost:$PORT",
              "sha256": "161f5087dae6dc41086fcac53e2db376488e5fa446f81b4352512917e20ccb0a"
            }
          },
          "constraintBumped": "^2.2.3",
          "constraintWidened": ">=1.0.0 <3.0.0",
          "constraintBumpedIfNeeded": "^2.2.3",
          "previousVersion": "1.2.3",
          "previousConstraint": "^1.0.0",
          "previousSource": {
            "type": "hosted",
            "description": {
              "name": "foo",
              "url": "http://localhost:$PORT",
              "sha256": "e963d896bb117842c18b0c7ed19c31b84c414acf5845b853acc89994339b613a"
            }
          }
        }
      ],
      "multiBreaking": [
        {
          "name": "foo",
          "version": "2.2.3",
          "kind": "direct",
          "source": {
            "type": "hosted",
            "description": {
              "name": "foo",
              "url": "http://localhost:$PORT",
              "sha256": "161f5087dae6dc41086fcac53e2db376488e5fa446f81b4352512917e20ccb0a"
            }
          },
          "constraintBumped": "^2.2.3",
          "constraintWidened": ">=1.0.0 <3.0.0",
          "constraintBumpedIfNeeded": "^2.2.3",
          "previousVersion": "1.2.3",
          "previousConstraint": "^1.0.0",
          "previousSource": {
            "type": "hosted",
            "description": {
              "name": "foo",
              "url": "http://localhost:$PORT",
              "sha256": "e963d896bb117842c18b0c7ed19c31b84c414acf5845b853acc89994339b613a"
            }
          }
        }
      ]
    },
    {
      "name": "transitive",
      "version": "1.0.0",
      "kind": "transitive",
      "source": {
        "type": "hosted",
        "description": {
          "name": "transitive",
          "url": "http://localhost:$PORT",
          "sha256": "bbf701e5d89787675cdbf7d818561d8cd8524a0fb49d79133a887418120ecaab"
        }
      },
      "latest": "1.0.0",
      "constraint": null,
      "compatible": [],
      "singleBreaking": [],
      "multiBreaking": []
    }
  ]
}

-------------------------------- END OF OUTPUT ---------------------------------

## Section apply
$ echo '{"dependencyChanges":[{"name":"foo","version":"2.2.3"},{"name":"transitive","version":null}]}' | dependency_services apply
{"dependencies":[]}

-------------------------------- END OF OUTPUT ---------------------------------

$ cat pubspec.yaml
{"name":"app","dependencies":{"foo":^2.2.3,"bar":{"git":{"url":"../bar.git"}}},"environment":{"sdk":"^3.0.2"}}
$ cat pubspec.lock
No such file pubspec.lock.
