# GENERATED BY: test/dependency_services/dependency_services_test.dart

$ cat pubspec.yaml
{"name":"app","dependencies":{"foo":"^1.0.0","bar":{"git":{"url":"../bar.git"}}},"environment":{"sdk":">=0.1.2 <1.0.0"}}
$ cat pubspec.lock
No such file pubspec.lock.
-------------------------------- END OF OUTPUT ---------------------------------

## Section list
$ dependency_services list
{
  "dependencies": [
    {
      "name": "bar",
      "version": "92cdd4ac724a6da0db2a69ac149820aa220e8518",
      "kind": "direct",
      "constraint": "any",
      "source": {
        "type": "git",
        "description": {
          "url": "../bar.git",
          "ref": "HEAD",
          "resolved-ref": "92cdd4ac724a6da0db2a69ac149820aa220e8518",
          "path": "."
        }
      }
    },
    {
      "name": "foo",
      "version": "1.2.3",
      "kind": "direct",
      "constraint": "^1.0.0",
      "source": {
        "type": "hosted",
        "description": {
          "name": "foo",
          "url": "http://localhost:$PORT",
          "sha256": "d13ce27ca2161ad3684af5fb44c823fc0890213e57b9e1eb9edc7252be7a35dd"
        }
      }
    },
    {
      "name": "transitive",
      "version": "1.0.0",
      "kind": "transitive",
      "constraint": "null",
      "source": {
        "type": "hosted",
        "description": {
          "name": "transitive",
          "url": "http://localhost:$PORT",
          "sha256": "d8731eb2273b5ceef9c3ce3bbd2393801e6848503651d5d12ec05d803a0959d1"
        }
      }
    }
  ]
}

-------------------------------- END OF OUTPUT ---------------------------------

## Section report
$ dependency_services report
{
  "dependencies": [
    {
      "name": "bar",
      "version": "92cdd4ac724a6da0db2a69ac149820aa220e8518",
      "kind": "direct",
      "source": {
        "type": "git",
        "description": {
          "url": "../bar.git",
          "ref": "HEAD",
          "resolved-ref": "92cdd4ac724a6da0db2a69ac149820aa220e8518",
          "path": "."
        }
      },
      "latest": "92cdd4ac724a6da0db2a69ac149820aa220e8518",
      "constraint": "any",
      "compatible": [],
      "singleBreaking": [],
      "multiBreaking": [
        {
          "name": "foo",
          "version": "2.2.3",
          "kind": "direct",
          "source": {
            "type": "hosted",
            "description": {
              "name": "foo",
              "url": "http://localhost:$PORT",
              "sha256": "0f9c20f8f3233b848d963ba59a227f4b87ce6155a40dec19f88275696bc3bff3"
            }
          },
          "constraintBumped": "^2.2.3",
          "constraintWidened": ">=1.0.0 <3.0.0",
          "constraintBumpedIfNeeded": "^2.2.3",
          "previousVersion": "1.2.3",
          "previousConstraint": "^1.0.0",
          "previousSource": {
            "type": "hosted",
            "description": {
              "name": "foo",
              "url": "http://localhost:$PORT",
              "sha256": "d13ce27ca2161ad3684af5fb44c823fc0890213e57b9e1eb9edc7252be7a35dd"
            }
          }
        }
      ]
    },
    {
      "name": "foo",
      "version": "1.2.3",
      "kind": "direct",
      "source": {
        "type": "hosted",
        "description": {
          "name": "foo",
          "url": "http://localhost:$PORT",
          "sha256": "d13ce27ca2161ad3684af5fb44c823fc0890213e57b9e1eb9edc7252be7a35dd"
        }
      },
      "latest": "2.2.3",
      "constraint": "^1.0.0",
      "compatible": [],
      "singleBreaking": [
        {
          "name": "foo",
          "version": "2.2.3",
          "kind": "direct",
          "source": {
            "type": "hosted",
            "description": {
              "name": "foo",
              "url": "http://localhost:$PORT",
              "sha256": "0f9c20f8f3233b848d963ba59a227f4b87ce6155a40dec19f88275696bc3bff3"
            }
          },
          "constraintBumped": "^2.2.3",
          "constraintWidened": ">=1.0.0 <3.0.0",
          "constraintBumpedIfNeeded": "^2.2.3",
          "previousVersion": "1.2.3",
          "previousConstraint": "^1.0.0",
          "previousSource": {
            "type": "hosted",
            "description": {
              "name": "foo",
              "url": "http://localhost:$PORT",
              "sha256": "d13ce27ca2161ad3684af5fb44c823fc0890213e57b9e1eb9edc7252be7a35dd"
            }
          }
        }
      ],
      "multiBreaking": [
        {
          "name": "foo",
          "version": "2.2.3",
          "kind": "direct",
          "source": {
            "type": "hosted",
            "description": {
              "name": "foo",
              "url": "http://localhost:$PORT",
              "sha256": "0f9c20f8f3233b848d963ba59a227f4b87ce6155a40dec19f88275696bc3bff3"
            }
          },
          "constraintBumped": "^2.2.3",
          "constraintWidened": ">=1.0.0 <3.0.0",
          "constraintBumpedIfNeeded": "^2.2.3",
          "previousVersion": "1.2.3",
          "previousConstraint": "^1.0.0",
          "previousSource": {
            "type": "hosted",
            "description": {
              "name": "foo",
              "url": "http://localhost:$PORT",
              "sha256": "d13ce27ca2161ad3684af5fb44c823fc0890213e57b9e1eb9edc7252be7a35dd"
            }
          }
        }
      ]
    },
    {
      "name": "transitive",
      "version": "1.0.0",
      "kind": "transitive",
      "source": {
        "type": "hosted",
        "description": {
          "name": "transitive",
          "url": "http://localhost:$PORT",
          "sha256": "d8731eb2273b5ceef9c3ce3bbd2393801e6848503651d5d12ec05d803a0959d1"
        }
      },
      "latest": "1.0.0",
      "constraint": null,
      "compatible": [],
      "singleBreaking": [],
      "multiBreaking": []
    }
  ]
}

-------------------------------- END OF OUTPUT ---------------------------------

## Section apply
$ echo '{"dependencyChanges":[{"name":"foo","version":"2.2.3"},{"name":"transitive","version":null}]}' | dependency_services apply
{"dependencies":[]}

-------------------------------- END OF OUTPUT ---------------------------------

$ cat pubspec.yaml
{"name":"app","dependencies":{"foo":^2.2.3,"bar":{"git":{"url":"../bar.git"}}},"environment":{"sdk":">=0.1.2 <1.0.0"}}
$ cat pubspec.lock
No such file pubspec.lock.
